Microchip MPLAB XC8 Compiler V2.00 ()

Linker command line:

-W-3 --edf=C:\Program Files (x86)\Microchip\xc8\v2.00\pic\dat\en_msgs.txt \
  -cs -h+dist/default/production\Industrial_Safety.X.production.sym \
  --cmf=dist/default/production\Industrial_Safety.X.production.cmf -z \
  -Q16F887 -oC:\Users\211934~3.000\AppData\Local\Temp\s8po.2 \
  -Mdist/default/production/Industrial_Safety.X.production.map -E1 -ver=XC8 \
  --acfsm=1493 -ASTACK=0147h-016fh -pstack=STACK -ACODE=00h-07FFhx4 \
  -ASTRCODE=00h-01FFFh -ASTRING=00h-0FFhx32 -ACONST=00h-0FFhx32 \
  -AENTRY=00h-0FFhx32 -ACOMMON=070h-07Fh -ABANK0=020h-06Fh \
  -ABANK1=0A0h-0EFh -ABANK2=0110h-016Fh -ABANK3=0190h-01EFh \
  -ARAM=020h-06Fh,0A0h-0EFh,0110h-016Fh,0190h-01EFh \
  -AABS1=020h-07Fh,0A0h-0EFh,0110h-016Fh,0190h-01EFh -ASFR0=00h-01Fh \
  -ASFR1=080h-09Fh -ASFR2=0100h-010Fh -ASFR3=0180h-018Fh \
  -preset_vec=00h,intentry=04h,init,end_init -ppowerup=CODE -pcinit=CODE \
  -pfunctab=ENTRY -ACONFIG=02007h-02008h -pconfig=CONFIG -DCONFIG=2 \
  -AIDLOC=02000h-02003h -pidloc=IDLOC -DIDLOC=2 -AEEDATA=00h-0FFh/02100h \
  -peeprom_data=EEDATA -DEEDATA=2 -DCODE=2 -DSTRCODE=2 -DSTRING=2 -DCONST=2 \
  -DENTRY=2 -k C:\Users\211934~3.000\AppData\Local\Temp\s8po.o \
  dist/default/production\Industrial_Safety.X.production.o 

Object code version is 3.11

Machine type is 16F887



                Name                               Link     Load   Length Selector   Space Scale
C:\Users\211934~3.000\AppData\Local\Temp\s8po.o
                end_init                             10       10        3        8       0
                reset_vec                             0        0        3        0       0
                config                             2007     2007        2     400E       0
dist/default/production\Industrial_Safety.X.production.o
                cinit                                13       13       4C        8       0
                intentry                              4        4        C        8       0
                text36                              EB0      EB0       A6     1D60       0
                text35                              CC1      CC1       50     1982       0
                text34                              B5F      B5F       3A     16BE       0
                text33                              6C4      6C4       E7        8       0
                text32                             17DB     17DB        A     2FB6       0
                text31                              ABE      ABE       33     157C       0
                text30                              AF1      AF1       37     15E2       0
                text29                              9AB      9AB       24     1356       0
                text28                              951      951       1D     12A2       0
                text27                              904      904       18     1208       0
                text26                              8EE      8EE       16     11DC       0
                text25                              555      555      16F        8       0
                text24                              E15      E15       9B     1C2A       0
                text23                              D88      D88       8D     1B10       0
                text22                              F56      F56       AA     1EAC       0
                text21                             17CC     17CC        7     2F98       0
                text20                              7AB      7AB       50        8       0
                text19                              B99      B99       44     1732       0
                text18                              8AF      8AF       15     115E       0
                text17                              C27      C27       4B     184E       0
                text16                              C72      C72       4F     18E4       0
                text15                              A5A      A5A       32     14B4       0
                text14                             17E5     17E5        D     2FCA       0
                text13                              889      889       13     1112       0
                text12                              D11      D11       77     1A22       0
                text11                              A8C      A8C       32     1518       0
                text10                              362      362      1F3        8       0
                text9                               BDD      BDD       4A     17BA       0
                text8                               98C      98C       1F     1318       0
                text7                               9FA      9FA       2F     13F4       0
                text6                               935      935       1C     126A       0
                text5                               96E      96E       1E     12DC       0
                text4                              17F2     17F2        E     2FE4       0
                text3                               A29      A29       31     1452       0
                text2                               8C4      8C4       15     1188       0
                text1                               8D9      8D9       15     11B2       0
                maintext                             5F       5F      303        8       0
                cstackBANK0                          20       20       21       20       1
                cstackCOMMON                         70       70        A       70       1
                cstackBANK1                          A0       A0       2F       A0       1
                cstackBANK3                         1BB      1BB       23      190       1
                clrtext                            17D3     17D3        8     2FA6       0
                inittext                            89C      89C       13     1138       0
                dataBANK2                           110      110       37      110       1
                dataBANK3                           190      190       2B      190       1
                dataBANK1                            CF       CF       19       A0       1
                bssBANK1                             E8       E8        4       A0       1
                dataBANK0                            51       51        5       20       1
                bssBANK0                             41       41       10       20       1
                bssCOMMON                            7A       7A        4       70       1
                strings                             800      800       86     1000       0
                idataBANK3                          9CF      9CF       2B     139E       0
                idataBANK2                          B28      B28       37     1650       0
                idataBANK1                          91C      91C       19     1238       0
                idataBANK0                          7FB      7FB        5        8       0

TOTAL           Name                               Link     Load   Length     Space
        CLASS   STACK          

        CLASS   CODE           
                end_init                             10       10        3         0
                cinit                                13       13       4C         0
                intentry                              4        4        C         0
                reset_vec                             0        0        3         0
                text36                              EB0      EB0       A6         0
                text35                              CC1      CC1       50         0
                text34                              B5F      B5F       3A         0
                text33                              6C4      6C4       E7         0
                text32                             17DB     17DB        A         0
                text31                              ABE      ABE       33         0
                text30                              AF1      AF1       37         0
                text29                              9AB      9AB       24         0
                text28                              951      951       1D         0
                text27                              904      904       18         0
                text26                              8EE      8EE       16         0
                text25                              555      555      16F         0
                text24                              E15      E15       9B         0
                text23                              D88      D88       8D         0
                text22                              F56      F56       AA         0
                text21                             17CC     17CC        7         0
                text20                              7AB      7AB       50         0
                text19                              B99      B99       44         0
                text18                              8AF      8AF       15         0
                text17                              C27      C27       4B         0
                text16                              C72      C72       4F         0
                text15                              A5A      A5A       32         0
                text14                             17E5     17E5        D         0
                text13                              889      889       13         0
                text12                              D11      D11       77         0
                text11                              A8C      A8C       32         0
                text10                              362      362      1F3         0
                text9                               BDD      BDD       4A         0
                text8                               98C      98C       1F         0
                text7                               9FA      9FA       2F         0
                text6                               935      935       1C         0
                text5                               96E      96E       1E         0
                text4                              17F2     17F2        E         0
                text3                               A29      A29       31         0
                text2                               8C4      8C4       15         0
                text1                               8D9      8D9       15         0
                maintext                             5F       5F      303         0
                clrtext                            17D3     17D3        8         0
                inittext                            89C      89C       13         0
                idataBANK3                          9CF      9CF       2B         0
                idataBANK2                          B28      B28       37         0
                idataBANK1                          91C      91C       19         0
                idataBANK0                          7FB      7FB        5         0

        CLASS   STRCODE        

        CLASS   STRING         
                strings                             800      800       86         0

        CLASS   CONST          

        CLASS   ENTRY          

        CLASS   COMMON         
                cstackCOMMON                         70       70        A         1
                bssCOMMON                            7A       7A        4         1

        CLASS   BANK0          
                cstackBANK0                          20       20       21         1
                dataBANK0                            51       51        5         1
                bssBANK0                             41       41       10         1

        CLASS   BANK1          
                cstackBANK1                          A0       A0       2F         1
                dataBANK1                            CF       CF       19         1
                bssBANK1                             E8       E8        4         1

        CLASS   BANK2          
                dataBANK2                           110      110       37         1

        CLASS   BANK3          
                cstackBANK3                         1BB      1BB       23         1
                dataBANK3                           190      190       2B         1

        CLASS   RAM            

        CLASS   ABS1           
                abs_s1                               7E       7E        2         1

        CLASS   SFR0           

        CLASS   SFR1           

        CLASS   SFR2           

        CLASS   SFR3           

        CLASS   CONFIG         
                config                             2007     2007        2         0

        CLASS   IDLOC          

        CLASS   EEDATA         



SEGMENTS        Name                           Load    Length   Top    Selector   Space  Class     Delta

                reset_vec                      000000  000003  000003         0       0  CODE        2
                intentry                       000004  0007FC  000800         8       0  CODE        2
                cstackBANK0                    000020  000036  000056        20       1  BANK0       1
                cstackCOMMON                   000070  00000E  00007E        70       1  COMMON      1
                cstackBANK1                    0000A0  00004C  0000EC        A0       1  BANK1       1
                dataBANK2                      000110  000037  000147       110       1  BANK2       1
                dataBANK3                      000190  00004E  0001DE       190       1  BANK3       1
                strings                        000800  000086  000886      1000       0  STRING      2
                text13                         000889  000013  00089C      1112       0  CODE        2
                inittext                       00089C  000013  0008AF      1138       0  CODE        2
                text18                         0008AF  000015  0008C4      115E       0  CODE        2
                text2                          0008C4  000015  0008D9      1188       0  CODE        2
                text1                          0008D9  000015  0008EE      11B2       0  CODE        2
                text26                         0008EE  000016  000904      11DC       0  CODE        2
                text27                         000904  000018  00091C      1208       0  CODE        2
                idataBANK1                     00091C  000019  000935      1238       0  CODE        2
                text6                          000935  00001C  000951      126A       0  CODE        2
                text28                         000951  00001D  00096E      12A2       0  CODE        2
                text5                          00096E  00001E  00098C      12DC       0  CODE        2
                text8                          00098C  00001F  0009AB      1318       0  CODE        2
                text29                         0009AB  000024  0009CF      1356       0  CODE        2
                idataBANK3                     0009CF  00002B  0009FA      139E       0  CODE        2
                text7                          0009FA  00002F  000A29      13F4       0  CODE        2
                text3                          000A29  000031  000A5A      1452       0  CODE        2
                text15                         000A5A  000032  000A8C      14B4       0  CODE        2
                text11                         000A8C  000032  000ABE      1518       0  CODE        2
                text31                         000ABE  000033  000AF1      157C       0  CODE        2
                text30                         000AF1  000037  000B28      15E2       0  CODE        2
                idataBANK2                     000B28  000037  000B5F      1650       0  CODE        2
                text34                         000B5F  00003A  000B99      16BE       0  CODE        2
                text19                         000B99  000044  000BDD      1732       0  CODE        2
                text9                          000BDD  00004A  000C27      17BA       0  CODE        2
                text17                         000C27  00004B  000C72      184E       0  CODE        2
                text16                         000C72  00004F  000CC1      18E4       0  CODE        2
                text35                         000CC1  000050  000D11      1982       0  CODE        2
                text12                         000D11  000077  000D88      1A22       0  CODE        2
                text23                         000D88  00008D  000E15      1B10       0  CODE        2
                text24                         000E15  00009B  000EB0      1C2A       0  CODE        2
                text36                         000EB0  0000A6  000F56      1D60       0  CODE        2
                text22                         000F56  0000AA  001000      1EAC       0  CODE        2
                text21                         0017CC  000007  0017D3      2F98       0  CODE        2
                clrtext                        0017D3  000008  0017DB      2FA6       0  CODE        2
                text32                         0017DB  00000A  0017E5      2FB6       0  CODE        2
                text14                         0017E5  00000D  0017F2      2FCA       0  CODE        2
                text4                          0017F2  00000E  001800      2FE4       0  CODE        2
                config                         002007  000002  002009      400E       0  CONFIG      2


UNUSED ADDRESS RANGES

        Name                Unused          Largest block    Delta
        BANK0            0056-006F             1A           1
        BANK1            00EC-00EF              4           1
        BANK2            0147-016F             29           1
        BANK3            01DE-01EF             12           1
        CODE             0003-0003              1           2
                         0886-0888              3
                         1000-17CB            7CC
                         1800-1FFF            800
        CONST            0003-0003              1           2
                         0886-0888              3
                         1000-17CB            100
                         1800-1FFF            100
        EEDATA           2100-21FF            100           2
        ENTRY            0003-0003              1           2
                         0886-0888              3
                         1000-17CB            100
                         1800-1FFF            100
        IDLOC            2000-2003              4           2
        RAM              0056-006F             1A           1
                         00EC-00EF              4
                         0147-016F             29
                         01DE-01EF             12
        SFR0             0000-001F             20           1
        SFR1             0080-009F             20           1
        SFR2             0100-010F             10           1
        SFR3             0180-018F             10           1
        STACK            0147-016F             29           1
        STRCODE          0003-0003              1           2
                         0886-0888              3
                         1000-17CB            7CC
                         1800-1FFF            800
        STRING           0003-0003              1           2
                         0886-0888              3
                         1000-17CB            100
                         1800-1FFF            100

                                  Symbol Table

?___aldiv                      cstackBANK0  0024
?___lmul                       cstackCOMMON 0070
MFRC522_AntiColl@_status       cstackBANK1  00C9
MFRC522_AntiColl@i             cstackBANK1  00CA
MFRC522_AntiColl@serNum        cstackBANK1  00C0
MFRC522_AntiColl@serNumCheck   cstackBANK1  00C7
MFRC522_AntiColl@unLen         cstackBANK1  00C8
MFRC522_Clear_Bit@addr         cstackBANK1  00AE
MFRC522_Clear_Bit@mask         cstackBANK1  00AB
MFRC522_Rd@addr                cstackBANK1  00A6
MFRC522_Rd@value               cstackBANK1  00A7
MFRC522_Set_Bit@addr           cstackBANK1  00AD
MFRC522_Set_Bit@mask           cstackBANK1  00AB
MFRC522_ToCard@_status         cstackBANK1  00BA
MFRC522_ToCard@backData        cstackBANK1  00B2
MFRC522_ToCard@backLen         cstackBANK1  00B4
MFRC522_ToCard@command         cstackBANK1  00BC
MFRC522_ToCard@i               cstackBANK1  00BD
MFRC522_ToCard@irqEn           cstackBANK1  00B8
MFRC522_ToCard@lastBits        cstackBANK1  00BB
MFRC522_ToCard@n               cstackBANK1  00BF
MFRC522_ToCard@sendData        cstackBANK1  00AF
MFRC522_ToCard@sendLen         cstackBANK1  00B1
MFRC522_ToCard@waitIRq         cstackBANK1  00B9
MFRC522_Wr@addr                cstackBANK1  00AA
MFRC522_Wr@value               cstackBANK1  00A8
_ANSEL                         (abs)        0188
_ANSELH                        (abs)        0189
_C2ON                          (abs)        0847
_EEADR                         (abs)        010D
_EECON1bits                    (abs)        018C
_EECON2                        (abs)        018D
_EEDATA                        (abs)        010C
_INTCONbits                    (abs)        000B
_IOCBbits                      (abs)        0096
_MFRC522_AntiColl              text24       0E15
_MFRC522_Clear_Bit             text27       0904
_MFRC522_Rd                    text29       09AB
_MFRC522_Set_Bit               text26       08EE
_MFRC522_ToCard                text25       0555
_MFRC522_Wr                    text28       0951
_PIE1bits                      (abs)        008C
_PIR1bits                      (abs)        000C
_PORTAbits                     (abs)        0005
_PORTBbits                     (abs)        0006
_PORTCbits                     (abs)        0007
_PORTD                         (abs)        0008
_PORTDbits                     (abs)        0008
_SSPEN                         (abs)        00A5
_SSPIE                         (abs)        0463
_T1CONbits                     (abs)        0010
_TAG                           dataBANK0    0051
_TMR1H                         (abs)        000F
_TMR1L                         (abs)        000E
_TRISAbits                     (abs)        0085
_TRISBbits                     (abs)        0086
_TRISCbits                     (abs)        0087
_TRISDbits                     (abs)        0088
_UID                           dataBANK1    00E1
__CFG_BOR4V$BOR40V             (abs)        0000
__CFG_BOREN$OFF                (abs)        0000
__CFG_CP$OFF                   (abs)        0000
__CFG_CPD$OFF                  (abs)        0000
__CFG_FCMEN$OFF                (abs)        0000
__CFG_FOSC$HS                  (abs)        0000
__CFG_IESO$OFF                 (abs)        0000
__CFG_LVP$OFF                  (abs)        0000
__CFG_MCLRE$OFF                (abs)        0000
__CFG_PWRTE$OFF                (abs)        0000
__CFG_WDTE$OFF                 (abs)        0000
__CFG_WRT$OFF                  (abs)        0000
__Habs1                        abs1         0000
__Hbank0                       bank0        0000
__Hbank1                       bank1        0000
__Hbank2                       bank2        0000
__Hbank3                       bank3        0000
__HbssBANK0                    bssBANK0     0000
__HbssBANK1                    bssBANK1     0000
__HbssCOMMON                   bssCOMMON    0000
__Hcinit                       cinit        005F
__Hclrtext                     clrtext      0000
__Hcode                        code         0000
__Hcommon                      common       0000
__Hconfig                      config       2009
__HcstackBANK0                 cstackBANK0  0000
__HcstackBANK1                 cstackBANK1  0000
__HcstackBANK3                 cstackBANK3  0000
__HcstackCOMMON                cstackCOMMON 0000
__HdataBANK0                   dataBANK0    0000
__HdataBANK1                   dataBANK1    0000
__HdataBANK2                   dataBANK2    0000
__HdataBANK3                   dataBANK3    0000
__Heeprom_data                 eeprom_data  0000
__Hend_init                    end_init     0013
__Hfunctab                     functab      0000
__HidataBANK0                  idataBANK0   0000
__HidataBANK1                  idataBANK1   0000
__HidataBANK2                  idataBANK2   0000
__HidataBANK3                  idataBANK3   0000
__Hidloc                       idloc        0000
__Hinit                        init         0010
__Hinittext                    inittext     0000
__Hintentry                    intentry     0010
__Hmaintext                    maintext     0000
__Hpowerup                     powerup      0000
__Hram                         ram          0000
__Hreset_vec                   reset_vec    0003
__Hsfr0                        sfr0         0000
__Hsfr1                        sfr1         0000
__Hsfr2                        sfr2         0000
__Hsfr3                        sfr3         0000
__Hspace_0                     (abs)        2009
__Hspace_1                     (abs)        01DE
__Hspace_2                     (abs)        0000
__Hspace_3                     (abs)        0000
__Hstack                       stack        0000
__Hstrings                     strings      0000
__Htext                        text         0000
__Labs1                        abs1         0000
__Lbank0                       bank0        0000
__Lbank1                       bank1        0000
__Lbank2                       bank2        0000
__Lbank3                       bank3        0000
__LbssBANK0                    bssBANK0     0000
__LbssBANK1                    bssBANK1     0000
__LbssCOMMON                   bssCOMMON    0000
__Lcinit                       cinit        0013
__Lclrtext                     clrtext      0000
__Lcode                        code         0000
__Lcommon                      common       0000
__Lconfig                      config       2007
__LcstackBANK0                 cstackBANK0  0000
__LcstackBANK1                 cstackBANK1  0000
__LcstackBANK3                 cstackBANK3  0000
__LcstackCOMMON                cstackCOMMON 0000
__LdataBANK0                   dataBANK0    0000
__LdataBANK1                   dataBANK1    0000
__LdataBANK2                   dataBANK2    0000
__LdataBANK3                   dataBANK3    0000
__Leeprom_data                 eeprom_data  0000
__Lend_init                    end_init     0010
__Lfunctab                     functab      0000
__LidataBANK0                  idataBANK0   0000
__LidataBANK1                  idataBANK1   0000
__LidataBANK2                  idataBANK2   0000
__LidataBANK3                  idataBANK3   0000
__Lidloc                       idloc        0000
__Linit                        init         0010
__Linittext                    inittext     0000
__Lintentry                    intentry     0004
__Lmaintext                    maintext     0000
__Lpowerup                     powerup      0000
__Lram                         ram          0000
__Lreset_vec                   reset_vec    0000
__Lsfr0                        sfr0         0000
__Lsfr1                        sfr1         0000
__Lsfr2                        sfr2         0000
__Lsfr3                        sfr3         0000
__Lspace_0                     (abs)        0000
__Lspace_1                     (abs)        0000
__Lspace_2                     (abs)        0000
__Lspace_3                     (abs)        0000
__Lstack                       stack        0000
__Lstrings                     strings      0000
__Ltext                        text         0000
__S0                           (abs)        2009
__S1                           (abs)        01DE
__S2                           (abs)        0000
__S3                           (abs)        0000
___aldiv                       text36       0EB0
___aldiv@counter               cstackBANK0  002C
___aldiv@dividend              cstackBANK0  0028
___aldiv@divisor               cstackBANK0  0024
___aldiv@quotient              cstackBANK0  002E
___aldiv@sign                  cstackBANK0  002D
___int_sp                      stack        0000
___latbits                     (abs)        0002
___lmul                        text35       0CC1
___lmul@multiplicand           cstackCOMMON 0074
___lmul@multiplier             cstackCOMMON 0070
___lmul@product                cstackBANK0  0020
___sp                          stack        0000
__end_of_MFRC522_AntiColl      text24       0EB0
__end_of_MFRC522_Clear_Bit     text27       091C
__end_of_MFRC522_Rd            text29       09CF
__end_of_MFRC522_Set_Bit       text26       0904
__end_of_MFRC522_ToCard        text25       06C4
__end_of_MFRC522_Wr            text28       096E
__end_of___aldiv               text36       0F56
__end_of___lmul                text35       0D11
__end_of__initialization       cinit        005B
__end_of__stringtab            strings      0810
__end_of_delay_ms              text8        09AB
__end_of_hex2Ascii             text23       0E15
__end_of_isr                   text33       07AB
__end_of_lcd_clr               text21       17D3
__end_of_lcd_data              text19       0BDD
__end_of_lcd_init              text20       07FB
__end_of_lcd_inst              text22       1000
__end_of_lcd_lincol            text18       08C4
__end_of_lcd_print             text17       0C72
__end_of_main                  maintext     0362
__end_of_mfrc522AntOn          text14       17F2
__end_of_mfrc522ClrBit         text11       0ABE
__end_of_mfrc522Iniciar        text12       0D88
__end_of_mfrc522Rst            text13       089C
__end_of_mfrc522SetBit         text15       0A8C
__end_of_procura_tag           text9        0C27
__end_of_prs_detect            text7        0A29
__end_of_sensors_init          text6        0951
__end_of_spiSoftClk            text32       17E5
__end_of_spiSoftIniciar        text5        098C
__end_of_spiSoftRxDat          text31       0AF1
__end_of_spiSoftTxCmd          text16       0CC1
__end_of_spiSoftTxDat          text30       0B28
__end_of_spi_hardware_disable  text4        1800
__end_of_tagTxCmd              text10       0555
__end_of_tag_false             text3        0A5A
__end_of_tmr_tick_init         text2        08D9
__end_of_tmr_tick_int          text34       0B99
__end_of_tmr_tick_reload       strings      0812
__end_of_uts_trigger           text1        08EE
__initialization               cinit        0013
__pbssBANK0                    bssBANK0     0041
__pbssBANK1                    bssBANK1     00E8
__pbssCOMMON                   bssCOMMON    007A
__pcstackBANK0                 cstackBANK0  0020
__pcstackBANK1                 cstackBANK1  00A0
__pcstackBANK3                 cstackBANK3  01BB
__pcstackCOMMON                cstackCOMMON 0070
__pdataBANK0                   dataBANK0    0051
__pdataBANK1                   dataBANK1    00CF
__pdataBANK2                   dataBANK2    0110
__pdataBANK3                   dataBANK3    0190
__pidataBANK0                  idataBANK0   07FB
__pidataBANK1                  idataBANK1   091C
__pidataBANK2                  idataBANK2   0B28
__pidataBANK3                  idataBANK3   09CF
__pintentry                    intentry     0004
__pmaintext                    maintext     005F
__pstrings                     strings      0800
__ptext1                       text1        08D9
__ptext10                      text10       0362
__ptext11                      text11       0A8C
__ptext12                      text12       0D11
__ptext13                      text13       0889
__ptext14                      text14       17E5
__ptext15                      text15       0A5A
__ptext16                      text16       0C72
__ptext17                      text17       0C27
__ptext18                      text18       08AF
__ptext19                      text19       0B99
__ptext2                       text2        08C4
__ptext20                      text20       07AB
__ptext21                      text21       17CC
__ptext22                      text22       0F56
__ptext23                      text23       0D88
__ptext24                      text24       0E15
__ptext25                      text25       0555
__ptext26                      text26       08EE
__ptext27                      text27       0904
__ptext28                      text28       0951
__ptext29                      text29       09AB
__ptext3                       text3        0A29
__ptext30                      text30       0AF1
__ptext31                      text31       0ABE
__ptext32                      text32       17DB
__ptext33                      text33       06C4
__ptext34                      text34       0B5F
__ptext35                      text35       0CC1
__ptext36                      text36       0EB0
__ptext4                       text4        17F2
__ptext5                       text5        096E
__ptext6                       text6        0935
__ptext7                       text7        09FA
__ptext8                       text8        098C
__ptext9                       text9        0BDD
__size_of_MFRC522_AntiColl     (abs)        0000
__size_of_MFRC522_Clear_Bit    (abs)        0000
__size_of_MFRC522_Rd           (abs)        0000
__size_of_MFRC522_Set_Bit      (abs)        0000
__size_of_MFRC522_ToCard       (abs)        0000
__size_of_MFRC522_Wr           (abs)        0000
__size_of___aldiv              (abs)        0000
__size_of___lmul               (abs)        0000
__size_of_delay_ms             (abs)        0000
__size_of_hex2Ascii            (abs)        0000
__size_of_isr                  (abs)        0000
__size_of_lcd_clr              (abs)        0000
__size_of_lcd_data             (abs)        0000
__size_of_lcd_init             (abs)        0000
__size_of_lcd_inst             (abs)        0000
__size_of_lcd_lincol           (abs)        0000
__size_of_lcd_print            (abs)        0000
__size_of_main                 (abs)        0000
__size_of_mfrc522AntOn         (abs)        0000
__size_of_mfrc522ClrBit        (abs)        0000
__size_of_mfrc522Iniciar       (abs)        0000
__size_of_mfrc522Rst           (abs)        0000
__size_of_mfrc522SetBit        (abs)        0000
__size_of_procura_tag          (abs)        0000
__size_of_prs_detect           (abs)        0000
__size_of_sensors_init         (abs)        0000
__size_of_spiSoftClk           (abs)        0000
__size_of_spiSoftIniciar       (abs)        0000
__size_of_spiSoftRxDat         (abs)        0000
__size_of_spiSoftTxCmd         (abs)        0000
__size_of_spiSoftTxDat         (abs)        0000
__size_of_spi_hardware_disable (abs)        0000
__size_of_tagTxCmd             (abs)        0000
__size_of_tag_false            (abs)        0000
__size_of_tmr_tick_init        (abs)        0000
__size_of_tmr_tick_int         (abs)        0000
__size_of_uts_trigger          (abs)        0000
__stringbase                   strings      080F
__stringtab                    strings      0800
_delay_ms                      text8        098C
_dist                          bssBANK1     00E8
_hex2Ascii                     text23       0D88
_isr                           text33       06C4
_isr$1615                      cstackBANK0  0039
_isr$1616                      cstackBANK0  003D
_lcd_clr                       text21       17CC
_lcd_data                      text19       0B99
_lcd_init                      text20       07AB
_lcd_inst                      text22       0F56
_lcd_lincol                    text18       08AF
_lcd_print                     text17       0C27
_main                          maintext     005F
_matEeprom                     dataBANK2    0110
_mfrc522AntOn                  text14       17E5
_mfrc522ClrBit                 text11       0A8C
_mfrc522Iniciar                text12       0D11
_mfrc522Rst                    text13       0889
_mfrc522SetBit                 text15       0A5A
_procura_tag                   text9        0BDD
_prs_detect                    text7        09FA
_ret                           bssBANK0     0050
_rfid_display                  (abs)        0000
_rfid_display_wait             (abs)        0000
_rfid_read                     (abs)        0000
_rfid_read_wait                (abs)        0000
_sensors_init                  text6        0935
_spiSoftClk                    text32       17DB
_spiSoftIniciar                text5        096E
_spiSoftRxDat                  text31       0ABE
_spiSoftTxCmd                  text16       0C72
_spiSoftTxDat                  text30       0AF1
_spi_hardware_disable          text4        17F2
_t_sensor                      bssBANK0     004D
_tagTxCmd                      text10       0362
_tag_false                     text3        0A29
_time                          bssBANK0     0049
_timer                         bssBANK0     0041
_tmr_tick_init                 text2        08C4
_tmr_tick_int                  text34       0B5F
_uid                           bssBANK0     004F
_uidAsci                       dataBANK3    01AE
_uts_trigger                   text1        08D9
btemp                          (abs)        007E
clear_ram0                     clrtext      17D3
delay_ms@t                     cstackBANK1  00A0
end_of_initialization          cinit        005B
hex2Ascii@a                    cstackBANK1  00A9
hex2Ascii@b                    cstackBANK1  00A8
hex2Ascii@cntDig               cstackBANK1  00A3
hex2Ascii@dez                  cstackBANK1  00AB
hex2Ascii@strIn                cstackBANK1  00A0
hex2Ascii@strOut               cstackBANK1  00A2
hex2Ascii@uni                  cstackBANK1  00AA
init_fetch0                    inittext     089C
init_ram0                      inittext     08A0
interrupt_function             intentry     0004
intlevel0                      functab      0000
intlevel1                      functab      0000
intlevel2                      functab      0000
intlevel3                      functab      0000
intlevel4                      functab      0000
intlevel5                      functab      0000
lcd_data@d                     cstackBANK1  00A2
lcd_inst@i                     cstackBANK1  00A2
lcd_lincol@col                 cstackBANK1  00A3
lcd_lincol@lin                 cstackBANK1  00A5
lcd_print@col                  cstackBANK1  00A6
lcd_print@lin                  cstackBANK1  00AB
lcd_print@pos                  cstackBANK1  00AA
lcd_print@str                  cstackBANK1  00A7
main@F1412                     dataBANK1    00CF
main@F1414                     dataBANK1    00DC
main@F1416                     dataBANK3    01A1
main@F1418                     dataBANK1    00D6
main@TAG                       cstackBANK3  01CE
main@UID                       cstackBANK3  01D3
main@perigo                    cstackBANK3  01DA
main@senha                     cstackBANK3  01C8
main@state                     cstackBANK3  01DD
main@uid                       cstackBANK3  01DC
main@uidAsci                   cstackBANK3  01BB
mfrc522ClrBit@end              cstackBANK1  00A8
mfrc522ClrBit@lido             cstackBANK1  00A9
mfrc522ClrBit@mascara          cstackBANK1  00A6
mfrc522SetBit@end              cstackBANK1  00A8
mfrc522SetBit@lido             cstackBANK1  00A9
mfrc522SetBit@mascara          cstackBANK1  00A6
procura_tag@data               cstackBANK1  00BB
procura_tag@len                cstackBANK1  00C1
procura_tag@modo               cstackBANK1  00BF
procura_tag@status             cstackBANK1  00C0
reset_vec                      reset_vec    0000
saved_w                        (abs)        007E
spiSoftRxDat@a                 cstackBANK1  00A3
spiSoftRxDat@rc                cstackBANK1  00A2
spiSoftTxCmd@a                 cstackBANK1  00A4
spiSoftTxCmd@end               cstackBANK1  00A3
spiSoftTxCmd@oper              cstackBANK1  00A0
spiSoftTxCmd@reg               cstackBANK1  00A5
spiSoftTxDat@a                 cstackBANK1  00A4
spiSoftTxDat@dado              cstackBANK1  00A2
spiSoftTxDat@reg               cstackBANK1  00A3
stackhi                        (abs)        0000
stacklo                        (abs)        0000
start                          init         0010
start_initialization           cinit        0013
tagTxCmd@a                     cstackBANK1  00B5
tagTxCmd@cmd                   cstackBANK1  00B8
tagTxCmd@data                  cstackBANK1  00AA
tagTxCmd@dlen                  cstackBANK1  00AC
tagTxCmd@i                     cstackBANK1  00B9
tagTxCmd@irqEn                 cstackBANK1  00B6
tagTxCmd@lastBits              cstackBANK1  00B7
tagTxCmd@n                     cstackBANK1  00BA
tagTxCmd@result                cstackBANK1  00AD
tagTxCmd@rlen                  cstackBANK1  00AF
tagTxCmd@status                cstackBANK1  00B4
tagTxCmd@waitIRq               cstackBANK1  00B3
tag_false@i                    cstackBANK1  00A6
tag_false@p1                   cstackBANK1  00A4
tag_false@p2                   cstackBANK1  00A0
tag_false@ret                  cstackBANK1  00A5
tmr_tick_int@i                 cstackCOMMON 0073
wtemp0                         (abs)        007E


FUNCTION INFORMATION:

 *************** function _main *****************
 Defined at:
		line 24 in file "main.c"
 Parameters:    Size  Location     Type
		None
 Auto vars:     Size  Location     Type
  uidAsci        13    0[BANK3 ] unsigned char [13]
  UID             7   24[BANK3 ] unsigned char [7]
  senha           6   13[BANK3 ] unsigned char [6]
  TAG             5   19[BANK3 ] unsigned char [5]
  perigo          2   31[BANK3 ] int 
  state           1   34[BANK3 ] unsigned char 
  uid             1   33[BANK3 ] unsigned char 
 Return value:  Size  Location     Type
                  1    wreg      void 
 Registers used:
		wreg, fsr0l, fsr0h, status,2, status,0, btemp+1, pclath, cstack
 Tracked objects:
		On entry : 
		On exit  : 
		Unchanged: 
 Data sizes:     COMMON   BANK0   BANK1   BANK3   BANK2
      Params:         0       0       0       0       0
      Locals:         0       0       0      35       0
      Temps:          0       0       4       0       0
      Totals:         0       0       4      35       0
Total ram usage:       39 bytes
 Hardware stack levels required when called:    8
 This function calls:
		_MFRC522_AntiColl
		_delay_ms
		_hex2Ascii
		_lcd_clr
		_lcd_init
		_lcd_print
		_mfrc522Iniciar
		_procura_tag
		_prs_detect
		_sensors_init
		_spiSoftIniciar
		_spi_hardware_disable
		_tag_false
		_tmr_tick_init
		_uts_trigger
 This function is called by:
		Startup code after reset
 This function uses a non-reentrant model


 *************** function _uts_trigger *****************
 Defined at:
		line 74 in file "sensors.c"
 Parameters:    Size  Location     Type
		None
 Auto vars:     Size  Location     Type
		None
 Return value:  Size  Location     Type
                  1    wreg      void 
 Registers used:
		wreg
 Tracked objects:
		On entry : 
		On exit  : 
		Unchanged: 
 Data sizes:     COMMON   BANK0   BANK1   BANK3   BANK2
      Params:         0       0       0       0       0
      Locals:         0       0       0       0       0
      Temps:          0       0       1       0       0
      Totals:         0       0       1       0       0
Total ram usage:        1 bytes
 Hardware stack levels used:    1
 Hardware stack levels required when called:    2
 This function calls:
		Nothing
 This function is called by:
		_main
 This function uses a non-reentrant model


 *************** function _tmr_tick_init *****************
 Defined at:
		line 7 in file "tmr_tick.c"
 Parameters:    Size  Location     Type
		None
 Auto vars:     Size  Location     Type
		None
 Return value:  Size  Location     Type
                  1    wreg      void 
 Registers used:
		wreg, status,2, status,0
 Tracked objects:
		On entry : 
		On exit  : 
		Unchanged: 
 Data sizes:     COMMON   BANK0   BANK1   BANK3   BANK2
      Params:         0       0       0       0       0
      Locals:         0       0       0       0       0
      Temps:          0       0       0       0       0
      Totals:         0       0       0       0       0
Total ram usage:        0 bytes
 Hardware stack levels used:    1
 Hardware stack levels required when called:    2
 This function calls:
		Nothing
 This function is called by:
		_main
 This function uses a non-reentrant model


 *************** function _tag_false *****************
 Defined at:
		line 703 in file "rfid.c"
 Parameters:    Size  Location     Type
  p1              1    wreg     PTR unsigned char 
		 -> main@UID(7), 
  p2              1    0[BANK1 ] PTR unsigned char 
		 -> main@senha(6), 
 Auto vars:     Size  Location     Type
  p1              1    4[BANK1 ] PTR unsigned char 
		 -> main@UID(7), 
  i               1    6[BANK1 ] unsigned char 
  ret             1    5[BANK1 ] unsigned char 
 Return value:  Size  Location     Type
                  1    wreg      unsigned char 
 Registers used:
		wreg, fsr0l, fsr0h, status,2, status,0
 Tracked objects:
		On entry : 
		On exit  : 
		Unchanged: 
 Data sizes:     COMMON   BANK0   BANK1   BANK3   BANK2
      Params:         0       0       1       0       0
      Locals:         0       0       3       0       0
      Temps:          0       0       3       0       0
      Totals:         0       0       7       0       0
Total ram usage:        7 bytes
 Hardware stack levels used:    1
 Hardware stack levels required when called:    2
 This function calls:
		Nothing
 This function is called by:
		_main
 This function uses a non-reentrant model


 *************** function _spi_hardware_disable *****************
 Defined at:
		line 24 in file "spi.c"
 Parameters:    Size  Location     Type
		None
 Auto vars:     Size  Location     Type
		None
 Return value:  Size  Location     Type
                  1    wreg      void 
 Registers used:
		status,2
 Tracked objects:
		On entry : 
		On exit  : 
		Unchanged: 
 Data sizes:     COMMON   BANK0   BANK1   BANK3   BANK2
      Params:         0       0       0       0       0
      Locals:         0       0       0       0       0
      Temps:          0       0       0       0       0
      Totals:         0       0       0       0       0
Total ram usage:        0 bytes
 Hardware stack levels used:    1
 Hardware stack levels required when called:    2
 This function calls:
		Nothing
 This function is called by:
		_main
 This function uses a non-reentrant model


 *************** function _spiSoftIniciar *****************
 Defined at:
		line 33 in file "spi.c"
 Parameters:    Size  Location     Type
		None
 Auto vars:     Size  Location     Type
		None
 Return value:  Size  Location     Type
                  1    wreg      void 
 Registers used:
		wreg
 Tracked objects:
		On entry : 
		On exit  : 
		Unchanged: 
 Data sizes:     COMMON   BANK0   BANK1   BANK3   BANK2
      Params:         0       0       0       0       0
      Locals:         0       0       0       0       0
      Temps:          0       0       2       0       0
      Totals:         0       0       2       0       0
Total ram usage:        2 bytes
 Hardware stack levels used:    1
 Hardware stack levels required when called:    2
 This function calls:
		Nothing
 This function is called by:
		_main
 This function uses a non-reentrant model


 *************** function _sensors_init *****************
 Defined at:
		line 22 in file "sensors.c"
 Parameters:    Size  Location     Type
		None
 Auto vars:     Size  Location     Type
		None
 Return value:  Size  Location     Type
                  1    wreg      void 
 Registers used:
		wreg, status,2, status,0
 Tracked objects:
		On entry : 
		On exit  : 
		Unchanged: 
 Data sizes:     COMMON   BANK0   BANK1   BANK3   BANK2
      Params:         0       0       0       0       0
      Locals:         0       0       0       0       0
      Temps:          0       0       0       0       0
      Totals:         0       0       0       0       0
Total ram usage:        0 bytes
 Hardware stack levels used:    1
 Hardware stack levels required when called:    2
 This function calls:
		Nothing
 This function is called by:
		_main
 This function uses a non-reentrant model


 *************** function _prs_detect *****************
 Defined at:
		line 50 in file "sensors.c"
 Parameters:    Size  Location     Type
		None
 Auto vars:     Size  Location     Type
		None
 Return value:  Size  Location     Type
                  1    wreg      unsigned char 
 Registers used:
		wreg, status,2, status,0, pclath, cstack
 Tracked objects:
		On entry : 
		On exit  : 
		Unchanged: 
 Data sizes:     COMMON   BANK0   BANK1   BANK3   BANK2
      Params:         0       0       0       0       0
      Locals:         0       0       0       0       0
      Temps:          0       0       0       0       0
      Totals:         0       0       0       0       0
Total ram usage:        0 bytes
 Hardware stack levels used:    1
 Hardware stack levels required when called:    3
 This function calls:
		_delay_ms
 This function is called by:
		_main
 This function uses a non-reentrant model


 *************** function _delay_ms *****************
 Defined at:
		line 12 in file "delay.c"
 Parameters:    Size  Location     Type
  t               2    0[BANK1 ] unsigned int 
 Auto vars:     Size  Location     Type
		None
 Return value:  Size  Location     Type
                  1    wreg      void 
 Registers used:
		wreg, status,2, status,0
 Tracked objects:
		On entry : 
		On exit  : 
		Unchanged: 
 Data sizes:     COMMON   BANK0   BANK1   BANK3   BANK2
      Params:         0       0       2       0       0
      Locals:         0       0       0       0       0
      Temps:          0       0       2       0       0
      Totals:         0       0       4       0       0
Total ram usage:        4 bytes
 Hardware stack levels used:    1
 Hardware stack levels required when called:    2
 This function calls:
		Nothing
 This function is called by:
		_main
		_prs_detect
 This function uses a non-reentrant model


 *************** function _procura_tag *****************
 Defined at:
		line 317 in file "rfid.c"
 Parameters:    Size  Location     Type
  modo            1    wreg     unsigned char 
  data            2   27[BANK1 ] PTR unsigned char 
		 -> TAG(5), main@TAG(5), 
 Auto vars:     Size  Location     Type
  modo            1   31[BANK1 ] unsigned char 
  len             1   33[BANK1 ] unsigned char 
  status          1   32[BANK1 ] unsigned char 
 Return value:  Size  Location     Type
                  1    wreg      unsigned char 
 Registers used:
		wreg, fsr0l, fsr0h, status,2, status,0, pclath, cstack
 Tracked objects:
		On entry : 
		On exit  : 
		Unchanged: 
 Data sizes:     COMMON   BANK0   BANK1   BANK3   BANK2
      Params:         0       0       2       0       0
      Locals:         0       0       3       0       0
      Temps:          0       0       2       0       0
      Totals:         0       0       7       0       0
Total ram usage:        7 bytes
 Hardware stack levels used:    1
 Hardware stack levels required when called:    6
 This function calls:
		_spiSoftTxCmd
		_spiSoftTxDat
		_tagTxCmd
 This function is called by:
		_main
		_rfid_read
 This function uses a non-reentrant model


 *************** function _tagTxCmd *****************
 Defined at:
		line 149 in file "rfid.c"
 Parameters:    Size  Location     Type
  cmd             1    wreg     unsigned char 
  data            2   10[BANK1 ] PTR unsigned char 
		 -> TAG(5), main@TAG(5), 
  dlen            1   12[BANK1 ] unsigned char 
  result          2   13[BANK1 ] PTR unsigned char 
		 -> TAG(5), main@TAG(5), 
  rlen            1   15[BANK1 ] PTR unsigned char 
		 -> procura_tag@len(1), 
 Auto vars:     Size  Location     Type
  cmd             1   24[BANK1 ] unsigned char 
  n               1   26[BANK1 ] unsigned char 
  i               1   25[BANK1 ] unsigned char 
  lastBits        1   23[BANK1 ] unsigned char 
  irqEn           1   22[BANK1 ] unsigned char 
  a               1   21[BANK1 ] unsigned char 
  status          1   20[BANK1 ] unsigned char 
  waitIRq         1   19[BANK1 ] unsigned char 
 Return value:  Size  Location     Type
                  1    wreg      unsigned char 
 Registers used:
		wreg, fsr0l, fsr0h, status,2, status,0, pclath, cstack
 Tracked objects:
		On entry : 
		On exit  : 
		Unchanged: 
 Data sizes:     COMMON   BANK0   BANK1   BANK3   BANK2
      Params:         0       0       6       0       0
      Locals:         0       0       8       0       0
      Temps:          0       0       3       0       0
      Totals:         0       0      17       0       0
Total ram usage:       17 bytes
 Hardware stack levels used:    1
 Hardware stack levels required when called:    5
 This function calls:
		_mfrc522ClrBit
		_mfrc522SetBit
		_spiSoftRxDat
		_spiSoftTxCmd
		_spiSoftTxDat
 This function is called by:
		_procura_tag
 This function uses a non-reentrant model


 *************** function _mfrc522ClrBit *****************
 Defined at:
		line 39 in file "rfid.c"
 Parameters:    Size  Location     Type
  end             1    wreg     unsigned char 
  mascara         1    6[BANK1 ] unsigned char 
 Auto vars:     Size  Location     Type
  end             1    8[BANK1 ] unsigned char 
  lido            1    9[BANK1 ] unsigned char 
 Return value:  Size  Location     Type
                  1    wreg      void 
 Registers used:
		wreg, status,2, status,0, pclath, cstack
 Tracked objects:
		On entry : 
		On exit  : 
		Unchanged: 
 Data sizes:     COMMON   BANK0   BANK1   BANK3   BANK2
      Params:         0       0       1       0       0
      Locals:         0       0       2       0       0
      Temps:          0       0       1       0       0
      Totals:         0       0       4       0       0
Total ram usage:        4 bytes
 Hardware stack levels used:    1
 Hardware stack levels required when called:    4
 This function calls:
		_spiSoftRxDat
		_spiSoftTxCmd
		_spiSoftTxDat
 This function is called by:
		_tagTxCmd
 This function uses a non-reentrant model


 *************** function _mfrc522Iniciar *****************
 Defined at:
		line 80 in file "rfid.c"
 Parameters:    Size  Location     Type
		None
 Auto vars:     Size  Location     Type
		None
 Return value:  Size  Location     Type
                  1    wreg      void 
 Registers used:
		wreg, status,2, status,0, pclath, cstack
 Tracked objects:
		On entry : 
		On exit  : 
		Unchanged: 
 Data sizes:     COMMON   BANK0   BANK1   BANK3   BANK2
      Params:         0       0       0       0       0
      Locals:         0       0       0       0       0
      Temps:          0       0       0       0       0
      Totals:         0       0       0       0       0
Total ram usage:        0 bytes
 Hardware stack levels used:    1
 Hardware stack levels required when called:    6
 This function calls:
		_mfrc522AntOn
		_mfrc522Rst
		_spiSoftTxCmd
		_spiSoftTxDat
 This function is called by:
		_main
 This function uses a non-reentrant model


 *************** function _mfrc522Rst *****************
 Defined at:
		line 73 in file "rfid.c"
 Parameters:    Size  Location     Type
		None
 Auto vars:     Size  Location     Type
		None
 Return value:  Size  Location     Type
                  1    wreg      void 
 Registers used:
		wreg, status,2, status,0, pclath, cstack
 Tracked objects:
		On entry : 
		On exit  : 
		Unchanged: 
 Data sizes:     COMMON   BANK0   BANK1   BANK3   BANK2
      Params:         0       0       0       0       0
      Locals:         0       0       0       0       0
      Temps:          0       0       0       0       0
      Totals:         0       0       0       0       0
Total ram usage:        0 bytes
 Hardware stack levels used:    1
 Hardware stack levels required when called:    4
 This function calls:
		_spiSoftTxCmd
		_spiSoftTxDat
 This function is called by:
		_mfrc522Iniciar
 This function uses a non-reentrant model


 *************** function _mfrc522AntOn *****************
 Defined at:
		line 63 in file "rfid.c"
 Parameters:    Size  Location     Type
		None
 Auto vars:     Size  Location     Type
		None
 Return value:  Size  Location     Type
                  1    wreg      void 
 Registers used:
		wreg, status,2, status,0, pclath, cstack
 Tracked objects:
		On entry : 
		On exit  : 
		Unchanged: 
 Data sizes:     COMMON   BANK0   BANK1   BANK3   BANK2
      Params:         0       0       0       0       0
      Locals:         0       0       0       0       0
      Temps:          0       0       1       0       0
      Totals:         0       0       1       0       0
Total ram usage:        1 bytes
 Hardware stack levels used:    1
 Hardware stack levels required when called:    5
 This function calls:
		_mfrc522SetBit
 This function is called by:
		_mfrc522Iniciar
 This function uses a non-reentrant model


 *************** function _mfrc522SetBit *****************
 Defined at:
		line 51 in file "rfid.c"
 Parameters:    Size  Location     Type
  end             1    wreg     unsigned char 
  mascara         1    6[BANK1 ] unsigned char 
 Auto vars:     Size  Location     Type
  end             1    8[BANK1 ] unsigned char 
  lido            1    9[BANK1 ] unsigned char 
 Return value:  Size  Location     Type
                  1    wreg      void 
 Registers used:
		wreg, status,2, status,0, pclath, cstack
 Tracked objects:
		On entry : 
		On exit  : 
		Unchanged: 
 Data sizes:     COMMON   BANK0   BANK1   BANK3   BANK2
      Params:         0       0       1       0       0
      Locals:         0       0       2       0       0
      Temps:          0       0       1       0       0
      Totals:         0       0       4       0       0
Total ram usage:        4 bytes
 Hardware stack levels used:    1
 Hardware stack levels required when called:    4
 This function calls:
		_spiSoftRxDat
		_spiSoftTxCmd
		_spiSoftTxDat
 This function is called by:
		_mfrc522AntOn
		_tagTxCmd
 This function uses a non-reentrant model


 *************** function _spiSoftTxCmd *****************
 Defined at:
		line 50 in file "spi.c"
 Parameters:    Size  Location     Type
  end             1    wreg     unsigned char 
  oper            1    0[BANK1 ] unsigned char 
 Auto vars:     Size  Location     Type
  end             1    3[BANK1 ] unsigned char 
  reg             1    5[BANK1 ] unsigned char 
  a               1    4[BANK1 ] unsigned char 
 Return value:  Size  Location     Type
                  1    wreg      void 
 Registers used:
		wreg, status,2, status,0, pclath, cstack
 Tracked objects:
		On entry : 
		On exit  : 
		Unchanged: 
 Data sizes:     COMMON   BANK0   BANK1   BANK3   BANK2
      Params:         0       0       1       0       0
      Locals:         0       0       3       0       0
      Temps:          0       0       2       0       0
      Totals:         0       0       6       0       0
Total ram usage:        6 bytes
 Hardware stack levels used:    1
 Hardware stack levels required when called:    3
 This function calls:
		_spiSoftClk
 This function is called by:
		_mfrc522ClrBit
		_mfrc522SetBit
		_mfrc522Rst
		_mfrc522Iniciar
		_tagTxCmd
		_procura_tag
 This function uses a non-reentrant model


 *************** function _lcd_print *****************
 Defined at:
		line 173 in file "lcd.c"
 Parameters:    Size  Location     Type
  lin             1    wreg     unsigned char 
  col             1    6[BANK1 ] unsigned char 
  str             2    7[BANK1 ] PTR const unsigned char 
		 -> uidAsci(13), STR_16(2), STR_15(2), STR_14(6), 
		 -> STR_13(9), STR_12(8), STR_11(7), STR_10(7), 
		 -> STR_9(16), STR_8(9), STR_7(7), STR_6(16), 
		 -> STR_5(6), STR_4(7), STR_3(10), STR_2(7), 
		 -> STR_1(11), 
 Auto vars:     Size  Location     Type
  lin             1   11[BANK1 ] unsigned char 
  pos             1   10[BANK1 ] unsigned char 
 Return value:  Size  Location     Type
                  1    wreg      void 
 Registers used:
		wreg, fsr0l, fsr0h, status,2, status,0, btemp+1, pclath, cstack
 Tracked objects:
		On entry : 
		On exit  : 
		Unchanged: 
 Data sizes:     COMMON   BANK0   BANK1   BANK3   BANK2
      Params:         0       0       3       0       0
      Locals:         0       0       2       0       0
      Temps:          0       0       1       0       0
      Totals:         0       0       6       0       0
Total ram usage:        6 bytes
 Hardware stack levels used:    1
 Hardware stack levels required when called:    4
 This function calls:
		_lcd_data
		_lcd_lincol
 This function is called by:
		_main
		_rfid_read
		_rfid_display
 This function uses a non-reentrant model


 *************** function _lcd_lincol *****************
 Defined at:
		line 118 in file "lcd.c"
 Parameters:    Size  Location     Type
  lin             1    wreg     unsigned char 
  col             1    3[BANK1 ] unsigned char 
 Auto vars:     Size  Location     Type
  lin             1    5[BANK1 ] unsigned char 
 Return value:  Size  Location     Type
                  1    wreg      void 
 Registers used:
		wreg, status,2, status,0, pclath, cstack
 Tracked objects:
		On entry : 
		On exit  : 
		Unchanged: 
 Data sizes:     COMMON   BANK0   BANK1   BANK3   BANK2
      Params:         0       0       1       0       0
      Locals:         0       0       1       0       0
      Temps:          0       0       1       0       0
      Totals:         0       0       3       0       0
Total ram usage:        3 bytes
 Hardware stack levels used:    1
 Hardware stack levels required when called:    3
 This function calls:
		_lcd_inst
 This function is called by:
		_lcd_print
		_lcd_num
 This function uses a non-reentrant model


 *************** function _lcd_data *****************
 Defined at:
		line 102 in file "lcd.c"
 Parameters:    Size  Location     Type
  d               1    wreg     unsigned char 
 Auto vars:     Size  Location     Type
  d               1    2[BANK1 ] unsigned char 
 Return value:  Size  Location     Type
                  1    wreg      void 
 Registers used:
		wreg, status,2, status,0
 Tracked objects:
		On entry : 
		On exit  : 
		Unchanged: 
 Data sizes:     COMMON   BANK0   BANK1   BANK3   BANK2
      Params:         0       0       0       0       0
      Locals:         0       0       1       0       0
      Temps:          0       0       2       0       0
      Totals:         0       0       3       0       0
Total ram usage:        3 bytes
 Hardware stack levels used:    1
 Hardware stack levels required when called:    2
 This function calls:
		Nothing
 This function is called by:
		_lcd_print
		_lcd_num
 This function uses a non-reentrant model


 *************** function _lcd_init *****************
 Defined at:
		line 124 in file "lcd.c"
 Parameters:    Size  Location     Type
		None
 Auto vars:     Size  Location     Type
		None
 Return value:  Size  Location     Type
                  1    wreg      void 
 Registers used:
		wreg, status,2, status,0, pclath, cstack
 Tracked objects:
		On entry : 
		On exit  : 
		Unchanged: 
 Data sizes:     COMMON   BANK0   BANK1   BANK3   BANK2
      Params:         0       0       0       0       0
      Locals:         0       0       0       0       0
      Temps:          0       0       3       0       0
      Totals:         0       0       3       0       0
Total ram usage:        3 bytes
 Hardware stack levels used:    1
 Hardware stack levels required when called:    3
 This function calls:
		_lcd_inst
 This function is called by:
		_main
 This function uses a non-reentrant model


 *************** function _lcd_clr *****************
 Defined at:
		line 166 in file "lcd.c"
 Parameters:    Size  Location     Type
		None
 Auto vars:     Size  Location     Type
		None
 Return value:  Size  Location     Type
                  1    wreg      void 
 Registers used:
		wreg, status,2, status,0, pclath, cstack
 Tracked objects:
		On entry : 
		On exit  : 
		Unchanged: 
 Data sizes:     COMMON   BANK0   BANK1   BANK3   BANK2
      Params:         0       0       0       0       0
      Locals:         0       0       0       0       0
      Temps:          0       0       0       0       0
      Totals:         0       0       0       0       0
Total ram usage:        0 bytes
 Hardware stack levels used:    1
 Hardware stack levels required when called:    3
 This function calls:
		_lcd_inst
 This function is called by:
		_main
 This function uses a non-reentrant model


 *************** function _lcd_inst *****************
 Defined at:
		line 70 in file "lcd.c"
 Parameters:    Size  Location     Type
  i               1    wreg     unsigned char 
 Auto vars:     Size  Location     Type
  i               1    2[BANK1 ] unsigned char 
 Return value:  Size  Location     Type
                  1    wreg      void 
 Registers used:
		wreg, status,2, status,0
 Tracked objects:
		On entry : 
		On exit  : 
		Unchanged: 
 Data sizes:     COMMON   BANK0   BANK1   BANK3   BANK2
      Params:         0       0       0       0       0
      Locals:         0       0       1       0       0
      Temps:          0       0       2       0       0
      Totals:         0       0       3       0       0
Total ram usage:        3 bytes
 Hardware stack levels used:    1
 Hardware stack levels required when called:    2
 This function calls:
		Nothing
 This function is called by:
		_lcd_lincol
		_lcd_init
		_lcd_clr
 This function uses a non-reentrant model


 *************** function _hex2Ascii *****************
 Defined at:
		line 762 in file "rfid.c"
 Parameters:    Size  Location     Type
  strIn           2    0[BANK1 ] PTR unsigned char 
		 -> UID(7), main@UID(7), 
  strOut          1    2[BANK1 ] PTR unsigned char 
		 -> uidAsci(13), main@uidAsci(13), 
  cntDig          1    3[BANK1 ] unsigned char 
 Auto vars:     Size  Location     Type
  dez             1   11[BANK1 ] unsigned char 
  uni             1   10[BANK1 ] unsigned char 
  a               1    9[BANK1 ] unsigned char 
  b               1    8[BANK1 ] unsigned char 
 Return value:  Size  Location     Type
                  1    wreg      void 
 Registers used:
		wreg, fsr0l, fsr0h, status,2, status,0
 Tracked objects:
		On entry : 
		On exit  : 
		Unchanged: 
 Data sizes:     COMMON   BANK0   BANK1   BANK3   BANK2
      Params:         0       0       4       0       0
      Locals:         0       0       4       0       0
      Temps:          0       0       4       0       0
      Totals:         0       0      12       0       0
Total ram usage:       12 bytes
 Hardware stack levels used:    1
 Hardware stack levels required when called:    2
 This function calls:
		Nothing
 This function is called by:
		_main
		_rfid_display
 This function uses a non-reentrant model


 *************** function _MFRC522_AntiColl *****************
 Defined at:
		line 718 in file "rfid.c"
 Parameters:    Size  Location     Type
  serNum          2   32[BANK1 ] PTR unsigned char 
		 -> UID(7), main@UID(7), 
 Auto vars:     Size  Location     Type
  i               1   42[BANK1 ] unsigned char 
  _status         1   41[BANK1 ] unsigned char 
  unLen           1   40[BANK1 ] unsigned char 
  serNumCheck     1   39[BANK1 ] unsigned char 
 Return value:  Size  Location     Type
                  1    wreg      unsigned char 
 Registers used:
		wreg, fsr0l, fsr0h, status,2, status,0, pclath, cstack
 Tracked objects:
		On entry : 
		On exit  : 
		Unchanged: 
 Data sizes:     COMMON   BANK0   BANK1   BANK3   BANK2
      Params:         0       0       2       0       0
      Locals:         0       0       4       0       0
      Temps:          0       0       5       0       0
      Totals:         0       0      11       0       0
Total ram usage:       11 bytes
 Hardware stack levels used:    1
 Hardware stack levels required when called:    7
 This function calls:
		_MFRC522_Clear_Bit
		_MFRC522_ToCard
		_MFRC522_Wr
 This function is called by:
		_main
		_rfid_read
 This function uses a non-reentrant model


 *************** function _MFRC522_ToCard *****************
 Defined at:
		line 486 in file "rfid.c"
 Parameters:    Size  Location     Type
  command         1    wreg     unsigned char 
  sendData        2   15[BANK1 ] PTR unsigned char 
		 -> UID(7), main@UID(7), 
  sendLen         1   17[BANK1 ] unsigned char 
  backData        2   18[BANK1 ] PTR unsigned char 
		 -> UID(7), main@UID(7), 
  backLen         1   20[BANK1 ] PTR unsigned char 
		 -> MFRC522_AntiColl@unLen(1), 
 Auto vars:     Size  Location     Type
  command         1   28[BANK1 ] unsigned char 
  i               2   29[BANK1 ] unsigned int 
  n               1   31[BANK1 ] unsigned char 
  lastBits        1   27[BANK1 ] unsigned char 
  _status         1   26[BANK1 ] unsigned char 
  waitIRq         1   25[BANK1 ] unsigned char 
  irqEn           1   24[BANK1 ] unsigned char 
 Return value:  Size  Location     Type
                  1    wreg      unsigned char 
 Registers used:
		wreg, fsr0l, fsr0h, status,2, status,0, pclath, cstack
 Tracked objects:
		On entry : 
		On exit  : 
		Unchanged: 
 Data sizes:     COMMON   BANK0   BANK1   BANK3   BANK2
      Params:         0       0       6       0       0
      Locals:         0       0       8       0       0
      Temps:          0       0       3       0       0
      Totals:         0       0      17       0       0
Total ram usage:       17 bytes
 Hardware stack levels used:    1
 Hardware stack levels required when called:    6
 This function calls:
		_MFRC522_Clear_Bit
		_MFRC522_Rd
		_MFRC522_Set_Bit
		_MFRC522_Wr
 This function is called by:
		_MFRC522_AntiColl
 This function uses a non-reentrant model


 *************** function _MFRC522_Set_Bit *****************
 Defined at:
		line 441 in file "rfid.c"
 Parameters:    Size  Location     Type
  addr            1    wreg     unsigned char 
  mask            1   11[BANK1 ] unsigned char 
 Auto vars:     Size  Location     Type
  addr            1   13[BANK1 ] unsigned char 
 Return value:  Size  Location     Type
                  1    wreg      void 
 Registers used:
		wreg, status,2, status,0, pclath, cstack
 Tracked objects:
		On entry : 
		On exit  : 
		Unchanged: 
 Data sizes:     COMMON   BANK0   BANK1   BANK3   BANK2
      Params:         0       0       1       0       0
      Locals:         0       0       1       0       0
      Temps:          0       0       1       0       0
      Totals:         0       0       3       0       0
Total ram usage:        3 bytes
 Hardware stack levels used:    1
 Hardware stack levels required when called:    5
 This function calls:
		_MFRC522_Rd
		_MFRC522_Wr
 This function is called by:
		_MFRC522_ToCard
 This function uses a non-reentrant model


 *************** function _MFRC522_Clear_Bit *****************
 Defined at:
		line 436 in file "rfid.c"
 Parameters:    Size  Location     Type
  addr            1    wreg     unsigned char 
  mask            1   11[BANK1 ] unsigned char 
 Auto vars:     Size  Location     Type
  addr            1   14[BANK1 ] unsigned char 
 Return value:  Size  Location     Type
                  1    wreg      void 
 Registers used:
		wreg, status,2, status,0, pclath, cstack
 Tracked objects:
		On entry : 
		On exit  : 
		Unchanged: 
 Data sizes:     COMMON   BANK0   BANK1   BANK3   BANK2
      Params:         0       0       1       0       0
      Locals:         0       0       1       0       0
      Temps:          0       0       2       0       0
      Totals:         0       0       4       0       0
Total ram usage:        4 bytes
 Hardware stack levels used:    1
 Hardware stack levels required when called:    5
 This function calls:
		_MFRC522_Rd
		_MFRC522_Wr
 This function is called by:
		_MFRC522_ToCard
		_MFRC522_AntiColl
 This function uses a non-reentrant model


 *************** function _MFRC522_Wr *****************
 Defined at:
		line 416 in file "rfid.c"
 Parameters:    Size  Location     Type
  addr            1    wreg     unsigned char 
  value           1    8[BANK1 ] unsigned char 
 Auto vars:     Size  Location     Type
  addr            1   10[BANK1 ] unsigned char 
 Return value:  Size  Location     Type
                  1    wreg      void 
 Registers used:
		wreg, status,2, status,0, pclath, cstack
 Tracked objects:
		On entry : 
		On exit  : 
		Unchanged: 
 Data sizes:     COMMON   BANK0   BANK1   BANK3   BANK2
      Params:         0       0       1       0       0
      Locals:         0       0       1       0       0
      Temps:          0       0       1       0       0
      Totals:         0       0       3       0       0
Total ram usage:        3 bytes
 Hardware stack levels used:    1
 Hardware stack levels required when called:    4
 This function calls:
		_spiSoftTxDat
 This function is called by:
		_MFRC522_Clear_Bit
		_MFRC522_Set_Bit
		_MFRC522_ToCard
		_MFRC522_AntiColl
 This function uses a non-reentrant model


 *************** function _MFRC522_Rd *****************
 Defined at:
		line 424 in file "rfid.c"
 Parameters:    Size  Location     Type
  addr            1    wreg     unsigned char 
 Auto vars:     Size  Location     Type
  addr            1    6[BANK1 ] unsigned char 
  value           1    7[BANK1 ] unsigned char 
 Return value:  Size  Location     Type
                  1    wreg      unsigned char 
 Registers used:
		wreg, status,2, status,0, pclath, cstack
 Tracked objects:
		On entry : 
		On exit  : 
		Unchanged: 
 Data sizes:     COMMON   BANK0   BANK1   BANK3   BANK2
      Params:         0       0       0       0       0
      Locals:         0       0       2       0       0
      Temps:          0       0       1       0       0
      Totals:         0       0       3       0       0
Total ram usage:        3 bytes
 Hardware stack levels used:    1
 Hardware stack levels required when called:    4
 This function calls:
		_spiSoftRxDat
		_spiSoftTxDat
 This function is called by:
		_MFRC522_Clear_Bit
		_MFRC522_Set_Bit
		_MFRC522_ToCard
 This function uses a non-reentrant model


 *************** function _spiSoftTxDat *****************
 Defined at:
		line 67 in file "spi.c"
 Parameters:    Size  Location     Type
  dado            1    wreg     unsigned char 
 Auto vars:     Size  Location     Type
  dado            1    2[BANK1 ] unsigned char 
  a               1    4[BANK1 ] unsigned char 
  reg             1    3[BANK1 ] unsigned char 
 Return value:  Size  Location     Type
                  1    wreg      void 
 Registers used:
		wreg, status,2, status,0, pclath, cstack
 Tracked objects:
		On entry : 
		On exit  : 
		Unchanged: 
 Data sizes:     COMMON   BANK0   BANK1   BANK3   BANK2
      Params:         0       0       0       0       0
      Locals:         0       0       3       0       0
      Temps:          0       0       2       0       0
      Totals:         0       0       5       0       0
Total ram usage:        5 bytes
 Hardware stack levels used:    1
 Hardware stack levels required when called:    3
 This function calls:
		_spiSoftClk
 This function is called by:
		_mfrc522ClrBit
		_mfrc522SetBit
		_mfrc522Rst
		_mfrc522Iniciar
		_tagTxCmd
		_procura_tag
		_MFRC522_Wr
		_MFRC522_Rd
 This function uses a non-reentrant model


 *************** function _spiSoftRxDat *****************
 Defined at:
		line 80 in file "spi.c"
 Parameters:    Size  Location     Type
		None
 Auto vars:     Size  Location     Type
  a               1    3[BANK1 ] unsigned char 
  rc              1    2[BANK1 ] unsigned char 
 Return value:  Size  Location     Type
                  1    wreg      unsigned char 
 Registers used:
		wreg, status,2, status,0, pclath, cstack
 Tracked objects:
		On entry : 
		On exit  : 
		Unchanged: 
 Data sizes:     COMMON   BANK0   BANK1   BANK3   BANK2
      Params:         0       0       0       0       0
      Locals:         0       0       2       0       0
      Temps:          0       0       2       0       0
      Totals:         0       0       4       0       0
Total ram usage:        4 bytes
 Hardware stack levels used:    1
 Hardware stack levels required when called:    3
 This function calls:
		_spiSoftClk
 This function is called by:
		_mfrc522ClrBit
		_mfrc522SetBit
		_tagTxCmd
		_MFRC522_Rd
 This function uses a non-reentrant model


 *************** function _spiSoftClk *****************
 Defined at:
		line 17 in file "spi.c"
 Parameters:    Size  Location     Type
		None
 Auto vars:     Size  Location     Type
		None
 Return value:  Size  Location     Type
                  1    wreg      void 
 Registers used:
		None
 Tracked objects:
		On entry : 
		On exit  : 
		Unchanged: 
 Data sizes:     COMMON   BANK0   BANK1   BANK3   BANK2
      Params:         0       0       0       0       0
      Locals:         0       0       0       0       0
      Temps:          0       0       0       0       0
      Totals:         0       0       0       0       0
Total ram usage:        0 bytes
 Hardware stack levels used:    1
 Hardware stack levels required when called:    2
 This function calls:
		Nothing
 This function is called by:
		_spiSoftTxCmd
		_spiSoftTxDat
		_spiSoftRxDat
 This function uses a non-reentrant model


 *************** function _isr *****************
 Defined at:
		line 15 in file "interrupt.c"
 Parameters:    Size  Location     Type
		None
 Auto vars:     Size  Location     Type
		None
 Return value:  Size  Location     Type
                  1    wreg      void 
 Registers used:
		wreg, fsr0l, fsr0h, status,2, status,0, pclath, cstack
 Tracked objects:
		On entry : 
		On exit  : 
		Unchanged: 
 Data sizes:     COMMON   BANK0   BANK1   BANK3   BANK2
      Params:         0       0       0       0       0
      Locals:         0       8       0       0       0
      Temps:          0       7       0       0       0
      Totals:         0      15       0       0       0
Total ram usage:       15 bytes
 Hardware stack levels used:    1
 Hardware stack levels required when called:    1
 This function calls:
		___aldiv
		___lmul
		_tmr_tick_int
 This function is called by:
		Interrupt level 1
 This function uses a non-reentrant model


 *************** function _tmr_tick_int *****************
 Defined at:
		line 22 in file "tmr_tick.c"
 Parameters:    Size  Location     Type
		None
 Auto vars:     Size  Location     Type
  i               1    3[COMMON] unsigned char 
 Return value:  Size  Location     Type
                  1    wreg      void 
 Registers used:
		wreg, fsr0l, fsr0h, status,2, status,0
 Tracked objects:
		On entry : 
		On exit  : 
		Unchanged: 
 Data sizes:     COMMON   BANK0   BANK1   BANK3   BANK2
      Params:         0       0       0       0       0
      Locals:         1       0       0       0       0
      Temps:          3       0       0       0       0
      Totals:         4       0       0       0       0
Total ram usage:        4 bytes
 Hardware stack levels used:    1
 This function calls:
		Nothing
 This function is called by:
		_isr
 This function uses a non-reentrant model


 *************** function ___lmul *****************
 Defined at:
		line 15 in file "C:\Program Files (x86)\Microchip\xc8\v2.00\pic\sources\c90\common\Umul32.c"
 Parameters:    Size  Location     Type
  multiplier      4    0[COMMON] unsigned long 
  multiplicand    4    4[COMMON] unsigned long 
 Auto vars:     Size  Location     Type
  product         4    0[BANK0 ] unsigned long 
 Return value:  Size  Location     Type
                  4    0[COMMON] unsigned long 
 Registers used:
		wreg, status,2, status,0
 Tracked objects:
		On entry : 
		On exit  : 
		Unchanged: 
 Data sizes:     COMMON   BANK0   BANK1   BANK3   BANK2
      Params:         8       0       0       0       0
      Locals:         0       4       0       0       0
      Temps:          1       0       0       0       0
      Totals:         9       4       0       0       0
Total ram usage:       13 bytes
 Hardware stack levels used:    1
 This function calls:
		Nothing
 This function is called by:
		_isr
 This function uses a non-reentrant model


 *************** function ___aldiv *****************
 Defined at:
		line 5 in file "C:\Program Files (x86)\Microchip\xc8\v2.00\pic\sources\c90\common\aldiv.c"
 Parameters:    Size  Location     Type
  divisor         4    4[BANK0 ] long 
  dividend        4    8[BANK0 ] long 
 Auto vars:     Size  Location     Type
  quotient        4   14[BANK0 ] long 
  sign            1   13[BANK0 ] unsigned char 
  counter         1   12[BANK0 ] unsigned char 
 Return value:  Size  Location     Type
                  4    4[BANK0 ] long 
 Registers used:
		wreg, status,2, status,0
 Tracked objects:
		On entry : 
		On exit  : 
		Unchanged: 
 Data sizes:     COMMON   BANK0   BANK1   BANK3   BANK2
      Params:         0       8       0       0       0
      Locals:         0       6       0       0       0
      Temps:          1       0       0       0       0
      Totals:         1      14       0       0       0
Total ram usage:       15 bytes
 Hardware stack levels used:    1
 This function calls:
		Nothing
 This function is called by:
		_isr
 This function uses a non-reentrant model



MODULE INFORMATION

Module		Function		Class		Link	Load	Size
delay.c
		_delay_ms      		CODE           	098C	0000	32

delay.c estimated size: 32

sensors.c
		_uts_trigger   		CODE           	08D9	0000	22
		_sensors_init  		CODE           	0935	0000	29
		_prs_detect    		CODE           	09FA	0000	48

sensors.c estimated size: 99

tmr_tick.c
		_tmr_tick_init 		CODE           	08C4	0000	22
		_tmr_tick_int  		CODE           	0B5F	0000	59

tmr_tick.c estimated size: 81

rfid.c
		_procura_tag   		CODE           	0BDD	0000	75
		_tag_false     		CODE           	0A29	0000	50
		_MFRC522_Rd    		CODE           	09AB	0000	37
		_MFRC522_Wr    		CODE           	0951	0000	30
		_MFRC522_AntiColl		CODE           	0E15	0000	156
		_mfrc522Rst    		CODE           	0889	0000	20
		_mfrc522AntOn  		CODE           	17E5	0000	14
		_MFRC522_Clear_Bit		CODE           	0904	0000	25
		_MFRC522_ToCard		CODE           	0555	0000	368
		_hex2Ascii     		CODE           	0D88	0000	142
		_mfrc522ClrBit 		CODE           	0A8C	0000	51
		_mfrc522SetBit 		CODE           	0A5A	0000	51
		_tagTxCmd      		CODE           	0362	0000	500
		_mfrc522Iniciar		CODE           	0D11	0000	120
		_MFRC522_Set_Bit		CODE           	08EE	0000	23

rfid.c estimated size: 1662

C:\Program Files (x86)\Microchip\xc8\v2.00\pic\sources\c90\common\Umul32.c
		___lmul        		CODE           	0CC1	0000	81

C:\Program Files (x86)\Microchip\xc8\v2.00\pic\sources\c90\common\Umul32.c estimated size: 81

spi.c
		_spiSoftClk    		CODE           	17DB	0000	11
		_spiSoftTxCmd  		CODE           	0C72	0000	80
		_spiSoftRxDat  		CODE           	0ABE	0000	52
		_spiSoftTxDat  		CODE           	0AF1	0000	56
		_spiSoftIniciar		CODE           	096E	0000	31
		_spi_hardware_disable		CODE           	17F2	0000	15

spi.c estimated size: 245

interrupt.c
		_isr           		CODE           	06C4	0000	232

interrupt.c estimated size: 232

shared
		__stringtab    		STRING         	0800	0000	17
		_tmr_tick_reload		STRING         	0000	0000	0
		__initialization		CODE           	0013	0000	73

shared estimated size: 90

lcd.c
		_lcd_data      		CODE           	0B99	0000	69
		_lcd_lincol    		CODE           	08AF	0000	22
		_lcd_clr       		CODE           	17CC	0000	8
		_lcd_print     		CODE           	0C27	0000	76
		_lcd_inst      		CODE           	0F56	0000	171
		_lcd_init      		CODE           	07AB	0000	81

lcd.c estimated size: 427

C:\Program Files (x86)\Microchip\xc8\v2.00\pic\sources\c90\common\aldiv.c
		___aldiv       		CODE           	0EB0	0000	167

C:\Program Files (x86)\Microchip\xc8\v2.00\pic\sources\c90\common\aldiv.c estimated size: 167

main.c
		_main          		CODE           	005F	0000	772

main.c estimated size: 772

